// Jest Snapshot v1, https://goo.gl/fbAQLP

exports[`Characters should match snapshot 1`] = `
<DocumentFragment>
  <div
    class="sc-beqWaB jtKaYx"
  >
    <li
      class="character"
    >
      <img
        alt="name"
        class="image"
        src="image"
      />
      <div
        class="txt"
      >
        <p>
          name
        </p>
      </div>
    </li>
  </div>
</DocumentFragment>
`;
